<html>
<body>
<pre>
<h1>礦ision Build Log</h1>
<h2>Tool Versions:</h2>
IDE-Version: μVision V5.15
Copyright (C) 2015 ARM Ltd and ARM Germany GmbH. All rights reserved.
License Information: Hongbo Zhang, ZJU, LIC=21E4T-RSESL-IID5V-PYSC5-UFX8E-PUIHR
 
Tool Versions:
Toolchain:       MDK-ARM Standard  Version: 5.15.0
Toolchain Path:  D:\Keil_v515\ARM\ARMCC\Bin
C Compiler:      Armcc.exe V5.05 update 2 (build 169)
Assembler:       Armasm.exe V5.05 update 2 (build 169)
Linker/Locator:  ArmLink.exe V5.05 update 2 (build 169)
Library Manager: ArmAr.exe V5.05 update 2 (build 169)
Hex Converter:   FromElf.exe V5.05 update 2 (build 169)
CPU DLL:         SARMCM3.DLL V5.15.0
Dialog DLL:      DCM.DLL V1.13.2.0
Target DLL:      STLink\ST-LINKIII-KEIL_SWO.dll V2.0.15.0_KEIL
Dialog DLL:      TCM.DLL V1.14.5.0
 
<h2>Project:</h2>
D:\浙江大学\大三学年\嵌入式系统\实践课\USB_HID\MDK-ARM\USB_HID.uvprojx
Project File Date:  08/23/2021

<h2>Output:</h2>
*** Using Compiler 'V5.05 update 2 (build 169)', folder: 'D:\Keil_v515\ARM\ARMCC\Bin'
Build target 'USB_HID'
compiling main.c...
../Core/Src/main.c(105): warning:  #177-D: variable "i" was declared but never referenced
  int i=0;
../Core/Src/main.c: 1 warning, 0 errors
linking...
Program Size: Code=14188 RO-data=284 RW-data=392 ZI-data=3808  
FromELF: creating hex file...
"USB_HID\USB_HID.axf" - 0 Error(s), 1 Warning(s).

<h2>Software Packages used:</h2>

Package Vendor: ARM
                http://www.keil.com/pack/ARM.CMSIS.4.3.0.pack
                ARM::CMSIS:CORE:4.1.0
                CMSIS (Cortex Microcontroller Software Interface Standard)
   * Component: CORE Version: 4.1.0

<h2>Collection of Component include folders:</h2>
  D:\浙江大学\大三学年\嵌入式系统\实践课\USB_HID\MDK-ARM\RTE
  D:\Keil_v515\ARM\PACK\ARM\CMSIS\4.3.0\CMSIS\Include
  D:\Keil_v515\ARM\PACK\Keil\STM32F1xx_DFP\2.3.0\Device\Include

<h2>Collection of Component Files used:</h2>

   * Component: ARM::CMSIS:CORE:4.1.0
</pre>
</body>
</html>
